// Jest Snapshot v1, https://goo.gl/fbAQLP

exports[`should correctly render the LoginPage component 1`] = `
<button
  onClick={[Function]}
>
  Login
</button>
`;
